[www.gotur.kz/appicon/apple-touch-icon.png]
[www.gotur.kz/appicon/favicon-32x32.png]
[www.gotur.kz/appicon/favicon-16x16.png]
[backblue.gif]
[fade.gif]
[index.html]
[www.gotur.kz/appicon/favicon.ico]
[www.gotur.kz/manifest.json]
[www.gotur.kz/index.html]
[www.gotur.kz/appicon/safari-pinned-tab.svg]
[www.gotur.kz/appicon/ms-icon-144x144.html]
[www.gotur.kz/css/plugins/bootstrap.min2cc7.css]
[www.gotur.kz/dist/desktop/common/main/css/main.min2cc7.css]
[www.gotur.kz/dist/desktop/pages/site-index/css/site-index.min2cc7.css]
[www.gotur.kz/dist/desktop/widgets/banner/css/banner.min2cc7.css]
[www.gotur.kz/dist/desktop/widgets/countries-best-price/css/countries-best-price.min2cc7.css]
[www.gotur.kz/dist/desktop/widgets/hot-slider/css/hot-slider.min2cc7.css]
[www.gotur.kz/dist/desktop/widgets/subscription-form/column/css/column.min2cc7.css]
[www.gotur.kz/dist/desktop/widgets/subscription-form/compact/css/compact.min2cc7.css]
[www.gotur.kz/dist/desktop/pages/blog/css/blog.min2cc7.css]
[www.gotur.kz/dist/desktop/widgets/find-form/form/css/form.min2cc7.css]
[www.gotur.kz/dist/desktop/widgets/callback/core/css/core.min2cc7.css]
[www.gotur.kz/dist/desktop/widgets/subscription-form/leave-subscribe-modal/css/leave-subscribe-modal.min2cc7.css]
[www.gotur.kz/dist/desktop/widgets/quiz/css/quiz.min2cc7.css]
[www.gotur.kz/tury/goryashchie-tury/almaty.html]
[www.gotur.kz/tury/iz-almaty.html]
[www.gotur.kz/poisk-tura.html]
[www.gotur.kz/aviabilety.html]
[www.gotur.kz/img/gt-logo-white.png]
[www.gotur.kz/img/phone-circle.png]
[www.gotur.kz/img/load.gif]
[www.gotur.kz/tury.html]
[www.gotur.kz/uploads/banners/651e6da92880a.png]
[www.gotur.kz/img/mobile-phone-location.png]
[www.gotur.kz/img/no-hotel.jpg]
[www.gotur.kz/fls/post/17261411119144c7c1.jpg]
[www.gotur.kz/fls/post/17044385333067984a.jpg]
[www.gotur.kz/fls/post/1681821607ad78dee9.jpg]
[www.gotur.kz/fls/post/17261351671e631b3d.jpg]
[www.gotur.kz/fls/post/17261369940d35be5e.jpg]
[www.gotur.kz/fls/post/173088983180855dd3.jpg]
[www.gotur.kz/fls/post/1657267466d8bb2ef5.jpg]
[www.gotur.kz/fls/post/16911529581c03de71.jpg]
[www.gotur.kz/fls/post/16983249920a132049.jpg]
[www.gotur.kz/fls/post/17308883023befcefa.jpg]
[www.gotur.kz/fls/post/1726141519a97fc5ec.jpg]
[www.gotur.kz/fls/post/17261401834ccc797b.jpg]
[www.gotur.kz/fls/post/1681378322b702182f.jpg]
[www.gotur.kz/img/mission.png]
[www.gotur.kz/uploads/tags/gorjachie_istochniki.jpg]
[www.gotur.kz/uploads/tags/kids.jpg]
[www.gotur.kz/uploads/tags/6821.jpg]
[www.gotur.kz/uploads/tags/otdih_s_detmi.jpg]
[www.gotur.kz/uploads/tags/winter.jpg]
[www.gotur.kz/uploads/tags/kapshagai.jpg]
[www.gotur.kz/uploads/tags/otdih_na_alakole.jpg]
[www.gotur.kz/uploads/tags/borovoe.jpg]
[www.gotur.kz/uploads/tags/zerenda.jpg]
[www.gotur.kz/uploads/tags/6820.jpg]
[www.gotur.kz/uploads/tags/vip_otdih.jpg]
[www.gotur.kz/uploads/tags/ohota.jpg]
[www.gotur.kz/uploads/tags/bassein.jpg]
[www.gotur.kz/uploads/tags/ribalka.jpg]
[www.gotur.kz/uploads/tags/kaspy.jpg]
[www.gotur.kz/uploads/tags/piknik.jpg]
[www.gotur.kz/uploads/tags/buhtarma.jpg]
[www.gotur.kz/img/social/facebook_big.png]
[www.gotur.kz/img/social/instagram_big.png]
[www.gotur.kz/uploads/blog/329/thumb-6703f232b1795.jpg]
[www.gotur.kz/uploads/blog/328/thumb-6703f08a04426.jpg]
[www.gotur.kz/uploads/blog/327/default-6703ef33dc616.jpg]
[www.gotur.kz/uploads/blog/323/default-66a343658e738.jpg]
[www.gotur.kz/uploads/blog/322/default-66a3404b6aa00.jpg]
[www.gotur.kz/img/social/instagram.png]
[www.gotur.kz/img/social/facebook.png]
[www.gotur.kz/img/france-woman.png]
[www.gotur.kz/img/night-time.png]
[www.gotur.kz/img/waiting-man.png]
[www.gotur.kz/assets/6afec75e/jquery.min9b18.js]
[www.gotur.kz/assets/ac4c6828/yii9b18.js]
[www.gotur.kz/js/plugins/jquery.cookie.min2cc7.js]
[www.gotur.kz/js/plugins/bootstrap.min2cc7.js]
[www.gotur.kz/assets/97214d0d/bundle.min9b18.js]
[www.gotur.kz/js/moment-with-locales.min2cc7.js]
[www.gotur.kz/js/plugins/maskedinput.min2cc7.js]
[www.gotur.kz/tury/turciya/almaty.html]
[www.gotur.kz/js/jquery.actual.min2cc7.js]
[www.gotur.kz/js/sockjs-0.3.2.min2cc7.js]
[www.gotur.kz/dist/common/core/js/core.min2cc7.js]
[www.gotur.kz/dist/desktop/common/main/js/main.min2cc7.js]
[www.gotur.kz/dist/desktop/widgets/countries-best-price/js/countries-best-price.min2cc7.js]
[www.gotur.kz/dist/desktop/widgets/hot-slider/js/hot-slider.min2cc7.js]
[www.gotur.kz/dist/desktop/widgets/subscription-form/common/js/common.min2cc7.js]
[www.gotur.kz/dist/desktop/widgets/find-form/form/js/form.min2cc7.js]
[www.gotur.kz/dist/desktop/widgets/callback/core/js/core.min2cc7.js]
[www.gotur.kz/dist/desktop/widgets/subscription-form/leave-subscribe-modal/js/leave-subscribe-modal.min2cc7.js]
[www.gotur.kz/dist/desktop/widgets/quiz/js/quiz.min2cc7.js]
[www.gotur.kz/fonts/Akrobat/Akrobat-Thin_0.eot]
[www.gotur.kz/fonts/Akrobat/Akrobat-Thin_0d41d.eot]
[www.gotur.kz/fonts/Akrobat/Akrobat-Thin_0.woff2]
[www.gotur.kz/fonts/Akrobat/Akrobat-Thin_0.woff]
[www.gotur.kz/fonts/Akrobat/Akrobat-Thin_0.ttf]
[www.gotur.kz/fonts/Akrobat/Akrobat-ExtraLight_0.eot]
[www.gotur.kz/fonts/Akrobat/Akrobat-ExtraLight_0d41d.eot]
[www.gotur.kz/fonts/Akrobat/Akrobat-ExtraLight_0.woff2]
[www.gotur.kz/fonts/Akrobat/Akrobat-ExtraLight_0.woff]
[www.gotur.kz/fonts/Akrobat/Akrobat-ExtraLight_0.ttf]
[www.gotur.kz/fonts/Akrobat/Akrobat-Light_0.eot]
[www.gotur.kz/fonts/Akrobat/Akrobat-Light_0d41d.eot]
[www.gotur.kz/fonts/Akrobat/Akrobat-Light_0.woff2]
[www.gotur.kz/fonts/Akrobat/Akrobat-Light_0.woff]
[www.gotur.kz/fonts/Akrobat/Akrobat-Light_0.ttf]
[www.gotur.kz/fonts/Akrobat/Akrobat-Regular_0.eot]
[www.gotur.kz/fonts/Akrobat/Akrobat-Regular_0d41d.eot]
[www.gotur.kz/fonts/Akrobat/Akrobat-Regular_0.woff2]
[www.gotur.kz/fonts/Akrobat/Akrobat-Regular_0.woff]
[www.gotur.kz/fonts/Akrobat/Akrobat-Regular_0.ttf]
[www.gotur.kz/fonts/Akrobat/Akrobat-SemiBold_0.eot]
[www.gotur.kz/fonts/Akrobat/Akrobat-SemiBold_0d41d.eot]
[www.gotur.kz/fonts/Akrobat/Akrobat-SemiBold_0.woff2]
[www.gotur.kz/fonts/Akrobat/Akrobat-SemiBold_0.woff]
[www.gotur.kz/fonts/Akrobat/Akrobat-SemiBold_0.ttf]
[www.gotur.kz/fonts/Akrobat/Akrobat-Bold_0.eot]
[www.gotur.kz/fonts/Akrobat/Akrobat-Bold_0d41d.eot]
[www.gotur.kz/fonts/Akrobat/Akrobat-Bold_0.woff2]
[www.gotur.kz/fonts/Akrobat/Akrobat-Bold_0.woff]
[www.gotur.kz/fonts/Akrobat/Akrobat-Bold_0.ttf]
[www.gotur.kz/fonts/Akrobat/Akrobat-ExtraBold_0.eot]
[www.gotur.kz/fonts/Akrobat/Akrobat-ExtraBold_0d41d.eot]
[www.gotur.kz/fonts/Akrobat/Akrobat-ExtraBold_0.woff2]
[www.gotur.kz/fonts/Akrobat/Akrobat-ExtraBold_0.woff]
[www.gotur.kz/fonts/Akrobat/Akrobat-ExtraBold_0.ttf]
[www.gotur.kz/fonts/Akrobat/Akrobat-Black_0.eot]
[www.gotur.kz/fonts/Akrobat/Akrobat-Black_0d41d.eot]
[www.gotur.kz/fonts/Akrobat/Akrobat-Black_0.woff2]
[www.gotur.kz/fonts/Akrobat/Akrobat-Black_0.woff]
[www.gotur.kz/fonts/Akrobat/Akrobat-Black_0.ttf]
[www.gotur.kz/img/tour-includes/flight.png]
[www.gotur.kz/img/tour-includes/transfer.png]
[www.gotur.kz/img/tour-includes/hotel.png]
[www.gotur.kz/img/tour-includes/meal.png]
[www.gotur.kz/img/tour-includes/tour-code.png]
[www.gotur.kz/img/tour-includes/insurance.png]
[www.gotur.kz/img/tour-includes/visa.png]
[www.gotur.kz/img/icons/question-blue.png]
[www.gotur.kz/img/close.png]
[www.gotur.kz/img/icons/phone.png]
[www.gotur.kz/img/icons/no-avatar.jpg]
[www.gotur.kz/img/icons/avatar.png]
[www.gotur.kz/img/star-red.png]
[www.gotur.kz/img/headers/thin-header-1380.jpg]
[www.gotur.kz/img/headers/main-header-1380.jpg]
[www.gotur.kz/img/headers/thin-header-1920.jpg]
[www.gotur.kz/img/headers/main-header-1920.jpg]
[www.gotur.kz/img/headers/thin-header-2880.jpg]
[www.gotur.kz/img/headers/main-header-2880.jpg]
[www.gotur.kz/img/close-red.png]
[www.gotur.kz/img/countries/more.jpg]
[www.gotur.kz/img/icons/arrow-left-gray.png]
[www.gotur.kz/tury/thailand/almaty.html]
[www.gotur.kz/img/callbacks/callback-girl.png]
[www.gotur.kz/img/background/quiz.png]
[www.gotur.kz/img/social/whatsapp.png]
[www.gotur.kz/img/icons/arrow-white-right.png]
[www.gotur.kz/img/icons/checkbox-unchecked.png]
[www.gotur.kz/img/icons/checkbox-checked.png]
[www.gotur.kz/img/refresh.png]
[www.gotur.kz/img/letter.png]
[www.gotur.kz/tury/oae/almaty.html]
[www.gotur.kz/img/white.jpg]
[www.gotur.kz/uploads/site-images/692840037a47199db20aed0f4fdd15e6.jpg]
[www.gotur.kz/uploads/site-images/164dc9d5cc8e0e5cba6976c86d50b483.jpg]
[www.gotur.kz/assets/e9fe3a75/js/popular-countries.min3ca5.js]
[www.gotur.kz/img/flag2/id.png]
[www.gotur.kz/img/flag2/vn.png]
[www.gotur.kz/img/flag2/ge.png]
[www.gotur.kz/img/flag2/eg.png]
[www.gotur.kz/img/flag2/in.png]
[www.gotur.kz/img/flag2/it.png]
[www.gotur.kz/img/flag2/kh.png]
[www.gotur.kz/img/flag2/qa.png]
[www.gotur.kz/img/flag2/cn.png]
[www.gotur.kz/img/flag2/my.png]
[www.gotur.kz/img/flag2/mv.png]
[www.gotur.kz/img/flag2/ae.png]
[www.gotur.kz/img/flag2/th.png]
[www.gotur.kz/img/flag2/tr.png]
[www.gotur.kz/img/flag2/lk.png]
[www.gotur.kz/img/flag2/at.png]
[www.gotur.kz/img/flag2/az.png]
[www.gotur.kz/img/flag2/am.png]
[www.gotur.kz/img/flag2/aw.png]
[www.gotur.kz/img/flag2/bb.png]
[www.gotur.kz/img/flag2/bg.png]
[www.gotur.kz/img/flag2/hu.png]
[www.gotur.kz/img/flag2/hk.png]
[www.gotur.kz/img/flag2/gr.png]
[www.gotur.kz/tury/india/almaty.html]
[www.gotur.kz/img/flag2/do.png]
[www.gotur.kz/img/flag2/is.png]
[www.gotur.kz/img/flag2/jo.png]
[www.gotur.kz/img/flag2/es.png]
[www.gotur.kz/img/flag2/cy.png]
[www.gotur.kz/img/flag2/kr.png]
[www.gotur.kz/img/flag2/cr.png]
[www.gotur.kz/img/flag2/cu.png]
[www.gotur.kz/img/flag2/mu.png]
[www.gotur.kz/img/flag2/mg.png]
[www.gotur.kz/img/flag2/mt.png]
[www.gotur.kz/img/flag2/ma.png]
[www.gotur.kz/img/flag2/mx.png]
[www.gotur.kz/img/flag2/mc.png]
[www.gotur.kz/img/flag2/nz.png]
[www.gotur.kz/img/flag2/no.png]
[www.gotur.kz/img/flag2/om.png]
[www.gotur.kz/img/flag2/pt.png]
[www.gotur.kz/img/flag2/ru.png]
[www.gotur.kz/img/flag2/sc.png]
[www.gotur.kz/img/flag2/sg.png]
[www.gotur.kz/img/flag2/si.png]
[www.gotur.kz/img/flag2/tz.png]
[www.gotur.kz/img/flag2/tn.png]
[www.gotur.kz/img/flag2/fj.png]
[www.gotur.kz/img/flag2/ph.png]
[www.gotur.kz/img/flag2/fi.png]
[www.gotur.kz/img/flag2/fr.png]
[www.gotur.kz/img/flag2/hr.png]
[www.gotur.kz/img/flag2/me.png]
[www.gotur.kz/img/flag2/cz.png]
[www.gotur.kz/img/flag2/ch.png]
[www.gotur.kz/img/flag2/jm.png]
[www.gotur.kz/img/flag2/jp.png]
[www.gotur.kz/img/call-back-manager.png]
[www.gotur.kz/uploads/site-images/270000ca367565e2feca6582a1d0d26a.jpg]
[www.gotur.kz/uploads/site-images/53cd2d6765a21b748e60aa26f3c230ab.jpg]
[www.gotur.kz/dist/desktop/pages/calendar/js/calendar.min2cc7.js]
[www.gotur.kz/uploads/banners/64490e5f3413e.jpg]
[www.gotur.kz/img/map-scenery.jpg]
[www.gotur.kz/img/tourist-couple.jpg]
[www.gotur.kz/tury/egypet/almaty.html]
[www.gotur.kz/uploads/site-images/b6996bebf10bb446c4883858ecfd0555.jpg]
[www.gotur.kz/uploads/site-images/1093da5ff5777faed682482e1382008f.jpg]
[www.gotur.kz/assets/940ba2f7/search.min803e.js]
[www.gotur.kz/assets/69fe9865/runtime-es2015257f.js]
[www.gotur.kz/assets/69fe9865/polyfills-es2015257f.js]
[www.gotur.kz/assets/69fe9865/runtime-es5257f.js]
[www.gotur.kz/assets/69fe9865/polyfills-es5257f.js]
[www.gotur.kz/assets/69fe9865/main-es2015257f.js]
[www.gotur.kz/assets/69fe9865/main-es5257f.js]
[www.gotur.kz/dist/common/search/js/search.min2cc7.js]
[www.gotur.kz/assets/2d76a567/jquery-ui.min257f.js]
[www.gotur.kz/dist/desktop/widgets/tours-calendar/js/tours-calendar.min2cc7.js]
[www.gotur.kz/assets/2d76a567/ui/i18n/datepicker-ru257f.js]
[www.gotur.kz/tury/vietnam/almaty.html]
[www.gotur.kz/uploads/site-images/fb281975505c44100b51c4280301a598.jpg]
[www.gotur.kz/uploads/site-images/2c21da3d7ce00ac4a7aed998d2abdb02.jpg]
[www.gotur.kz/uploads/site-images/7824d2a21621fe8d236e6a0b78acc70c.jpg]
[www.gotur.kz/tury/dominikanskaia-resp/almaty.html]
[www.gotur.kz/uploads/site-images/e37b51bfcda8607b62bca9628da4fef9.jpg]
[www.gotur.kz/uploads/site-images/5b3b4fa911c80a1645898692d98d163b.jpg]
[www.gotur.kz/uploads/site-images/120ce233331a6f1aa2607b731b2e72f4.jpg]
[www.gotur.kz/uploads/site-images/e8501a895f420757881186edc0416a5d.jpg]
[www.gotur.kz/uploads/site-images/8696e67691882ca19b9bbadcdd23c800.jpg]
[www.gotur.kz/uploads/site-images/6c299db125aab5960b0d8a768cc558c7.jpg]
[www.gotur.kz/uploads/site-images/0c834f201c1d7e449238156d5bbc1e87.jpg]
[www.gotur.kz/tury/kitaj/almaty.html]
[www.gotur.kz/tury/rannee-bronirovanie.html]
[www.gotur.kz/uploads/site-images/ae521d4b92c8b120eef65d576aed4581.jpg]
[www.gotur.kz/uploads/site-images/e9e10917ae88ab45c5501f2544cf09fa.jpg]
[www.gotur.kz/uploads/site-images/2d82f444a5304102410133cbf47c6921.jpg]
[www.gotur.kz/tury/gornolyzhnye-tury.html]
[www.gotur.kz/tury/goryashchie-tury.html]
[www.gotur.kz/uploads/site-images/c3d3b816ce712edbe07b1353d14797c5.jpg]
[www.gotur.kz/tury/individualnye-i-vip-tury.html]
[www.gotur.kz/tury/kombinirovannye-tury.html]
[www.gotur.kz/tury/morskie-kruizy.html]
[www.gotur.kz/tury/lechebnye-tury.html]
[www.gotur.kz/tury/plyazhnyj-otdykh.html]
[www.gotur.kz/tury/svadebnye-tury.html]
[www.gotur.kz/uploads/site-images/f3a30a30f69c58c18eceb2aa83ef6d27.jpg]
[www.gotur.kz/uploads/site-images/4617077ece2327325e8eb68ab6ad04e2.png]
[www.gotur.kz/uploads/site-images/4d3a468bffc66647d790f04cb4e8650e.jpg]
[www.gotur.kz/uploads/site-images/380ac21909207b841803e4eea543db1a.jpg]
[www.gotur.kz/uploads/site-images/190e2f66db86393b0fb609c7b79b1210.jpg]
[www.gotur.kz/tury/tury-na-prazdniki-meropriyatiya.html]
[www.gotur.kz/tury/shop-tury.html]
[www.gotur.kz/tury/ekskursionnye-tury.html]
[www.gotur.kz/tury/avtobusnye-tury.html]
[www.gotur.kz/tury/detskij-otdykh.html]
[www.gotur.kz/tury/newyear.html]
[www.gotur.kz/tury/spring-break-and-nauryz.html]
[www.gotur.kz/tury/may_holidays_tours.html]
[www.gotur.kz/tury/osennie-kanikuly/morokko.html]
[www.gotur.kz/tury/osennie-kanikuly/meksika.html]
[www.gotur.kz/tury/osennie-kanikuly/monako.html]
[www.gotur.kz/fls/post/1690269638508fbb81.jpg]
[www.gotur.kz/fls/post/17261445293b4fdda0.jpg]
[www.gotur.kz/tury/osennie-kanikuly/novaia-zelandiia.html]
[www.gotur.kz/fls/post/166365562325c1fef5.jpg]
[www.gotur.kz/tury/osennie-kanikuly/norvegiia.html]
[www.gotur.kz/fls/post/1708094177c6ad20ce.jpg]
[www.gotur.kz/tury/osennie-kanikuly/oae.html]
[www.gotur.kz/uploads/site-images/5c2faae23aa1bce6d09d6a2aa0c1b120.jpg]
[www.gotur.kz/uploads/site-images/cd569c33597fe8baa6414dcffb0b5516.jpg]
[www.gotur.kz/uploads/site-images/8aa169ce97cb2bafccad1ea34796aa0d.jpg]
[www.gotur.kz/tury/osennie-kanikuly/oman.html]
[www.gotur.kz/tury/osennie-kanikuly.html]
[www.gotur.kz/strany.html]
[www.gotur.kz/oteli.html]
[www.gotur.kz/blogs.html]
[www.gotur.kz/news.html]
[www.gotur.kz/tury/vizy-registratsiya.html]
[www.gotur.kz/oteli/kazakhstan.html]
[www.gotur.kz/oteli/kazakhstan/almatinskaia-obl.html]
[www.gotur.kz/oteli/kazakhstan/aktiubinskaia-obl.html]
[www.gotur.kz/oteli/kazakhstan/atyrausaia-obl.html]
[www.gotur.kz/oteli/kazakhstan/vostochno-kazakhstanskaia-obl.html]
[www.gotur.kz/oteli/kazakhstan/zhambylskaia-oblast.html]
[www.gotur.kz/oteli/kazakhstan/zapadno-kazakhstanskaia-obl.html]
[www.gotur.kz/oteli/kazakhstan/karagandinskaia-obl.html]
[www.gotur.kz/oteli/kazakhstan/kostanaiskaia-obl.html]
[www.gotur.kz/oteli/kazakhstan/kyzylordinskaia-obl.html]
[www.gotur.kz/oteli/kazakhstan/mangistauskaia-obl.html]
[www.gotur.kz/oteli/kazakhstan/pavlodarskaia-obl.html]
[www.gotur.kz/oteli/kazakhstan/severo-kazakhstanskaia-obl.html]
[www.gotur.kz/oteli/kazakhstan/iuzhno-kazakhstanskaia-obl.html]
[www.gotur.kz/oteli/kazakhstan/otdykh-na-kapchagae.html]
[www.gotur.kz/oteli/kazakhstan/otdykh-na-alakole.html]
[www.gotur.kz/oteli/kazakhstan/goryachie-istochniki.html]
[www.gotur.kz/oteli/kazakhstan/otdykh-v-borovom.html]
[www.gotur.kz/oteli/kazakhstan/otdykh-s-detmi.html]
[www.gotur.kz/oteli/kazakhstan/pokatatsya-na-lyzhakh-sankakh.html]
[www.gotur.kz/oteli/kazakhstan/otdykh-v-zerende.html]
[www.gotur.kz/oteli/kazakhstan/otdykh-na-balkhashe.html]
[www.gotur.kz/oteli/kazakhstan/vip-otdykh.html]
[www.gotur.kz/oteli/kazakhstan/okhota.html]
[www.gotur.kz/oteli/kazakhstan/bassejny-i-akvaparki.html]
[www.gotur.kz/oteli/kazakhstan/rybalka.html]
[www.gotur.kz/oteli/kazakhstan/anatorii-lechenie-spa.html]
[www.gotur.kz/oteli/kazakhstan/otdykh-na-kaspii.html]
[www.gotur.kz/oteli/kazakhstan/piknik.html]
[www.gotur.kz/oteli/kazakhstan/hostel.html]
[www.gotur.kz/oteli/kazakhstan/baza-otdykha.html]
[www.gotur.kz/oteli/kazakhstan/butik-otel.html]
[www.gotur.kz/oteli/kazakhstan/gostevoj-dom.html]
[www.gotur.kz/oteli/kazakhstan/gostinitsa.html]
[www.gotur.kz/oteli/kazakhstan/gostinichnyj-kompleks.html]
[www.gotur.kz/oteli/kazakhstan/dom-otdykha.html]
[www.gotur.kz/oteli/kazakhstan/sanatorij.html]
[www.gotur.kz/oteli/kazakhstan/kemping-otel.html]
[www.gotur.kz/oteli/kazakhstan/kottedzhnyj-kompleks.html]
[www.gotur.kz/oteli/kazakhstan/pansionat.html]
[www.gotur.kz/oteli/kazakhstan/turbaza.html]
[www.gotur.kz/oteli/kazakhstan/eko-otel.html]
[www.gotur.kz/oteli/kazakhstan/chastnyj-sektor.html]
[www.gotur.kz/oteli/kazakhstan/detskij-lager.html]
[www.gotur.kz/holiday.html]
[www.gotur.kz/holiday/almaty.html]
[www.gotur.kz/holiday/astana.html]
[www.gotur.kz/company.html]
[www.gotur.kz/turagentstva/operator.html]
[www.gotur.kz/kontakti.html]
[www.gotur.kz/login.html]
[www.gotur.kz/img/whatsapp.svg]
[www.gotur.kz/img/arrow-left.svg]
[www.gotur.kz/img/arrow-right.svg]
[www.gotur.kz/img/features/shield.svg]
[www.gotur.kz/img/features/student.svg]
[www.gotur.kz/img/features/support.svg]
[www.gotur.kz/img/features/list.svg]
[www.gotur.kz/img/flag/ae.svg]
[www.gotur.kz/img/flag/eg.svg]
[www.gotur.kz/img/flag/tr.svg]
[www.gotur.kz/tury/maldivskie-ostrova/almaty.html]
[www.gotur.kz/img/flag/mv.svg]
[www.gotur.kz/img/flag/th.svg]
[www.gotur.kz/tury/gruziia/almaty.html]
[www.gotur.kz/img/flag/ge.svg]
[www.gotur.kz/img/flag/in.svg]
[www.gotur.kz/img/flag/cz.svg]
[www.gotur.kz/img/flag/cu.svg]
[www.gotur.kz/img/flag/do.svg]
[www.gotur.kz/img/flag/es.svg]
[www.gotur.kz/img/flag/id.svg]
[www.gotur.kz/img/flag/tn.svg]
[www.gotur.kz/img/flag/jm.svg]
[www.gotur.kz/img/flag/tz.svg]
[www.gotur.kz/img/flag/vn.svg]
[www.gotur.kz/offer/pryamoy-reys-na-maldivy-na-air-astane-poleteli.html]
[www.gotur.kz/offer/ura-pryamye-reysy-na-shri-lanku-iz-almaty-letim-na-a-k-air-astana-i-sunday.html]
[www.gotur.kz/img/flag/lk.svg]
[www.gotur.kz/offer/obedinyonnie-arabskie-emirati-iz-shimkenta.html]
[www.gotur.kz/offer/vstretim-novyy-god-vo-vetname-pryamye-reysy-iz-almaty.html]
[www.gotur.kz/offer/luchshie-turi-na-o-bali-iz-almati.html]
[www.gotur.kz/offer/milan-iz-almaty-pryamye-reysy-letim-v-italiyu-druzya.html]
[www.gotur.kz/img/flag/it.svg]
[www.gotur.kz/offer/egipet-otkryto-ranee-bronirovanie-na-osennie-kanikuly.html]
[www.gotur.kz/offer/hotite-vstretit-nauryz-v-tailande-togda-samoe-vremya-nachinat-poiski-i-bronirovat-tur.html]
[www.gotur.kz/offer/planiruy-svoy-novyy-god-na-gornolyzhnom-kurorte-v-gruzii-uzhe-seychas.html]
[www.gotur.kz/offer/luchshie-tseni-na-o-haynan-iz-almati.html]
[www.gotur.kz/img/flag/cn.svg]
[www.gotur.kz/offer/noviy-god-v-ekzoticheskoy-shri-lanke-na-pryamom-reyse-iz-almati.html]
[www.gotur.kz/offer/novyy-god-na-maldivah-chto-mozhet-byt-luchshe.html]
[www.gotur.kz/offer/podborka-nedorogih-oteley-na-maldivah-ray-na-zemle-mozhet-byt-dostupnee.html]
[www.gotur.kz/offer/gruziya-iz-aktobe.html]
[www.gotur.kz/offer/luchshie-tseny-na-samye-populyarnye-oteli-turtsii.html]
[www.gotur.kz/oteli/kazakhstan/detskie-lagerya.html]
[www.gotur.kz/oteli/kazakhstan/sanatorii-lechenie-spa.html]
[www.gotur.kz/oteli/kazakhstan/otdykh-na-buhtyrme.html]
[www.gotur.kz/blogs/novosti.html]
[www.gotur.kz/blogs/poleznie-soveti.html]
[www.gotur.kz/blogs/turisticheskie-zametki.html]
[www.gotur.kz/blogs/raznoe.html]
[www.gotur.kz/blogs/razvlecheniya.html]
[www.gotur.kz/blogs/329-pervyy-raz-v-aeroportu-kak-podgotovitsya-i-chto-ozhidat.html]
[www.gotur.kz/blogs/328-aerofobiya-kak-ne-boyatsya-letat-na-samolete.html]
[www.gotur.kz/blogs/327-do-kakoy-nedeli-beremennosti-mozhno-letat.html]
[www.gotur.kz/blogs/323-shengenskaya-viza-dlya-kazahstancev-gde-i-kak-oformit.html]
[www.gotur.kz/blogs/322-chto-est-v-egipte-gastronomicheskiy-gayd.html]
[www.gotur.kz/tury/iz-astana.html]
[www.gotur.kz/tury/iz-moscow.html]
[www.gotur.kz/tury/iz-aktobe.html]
[www.gotur.kz/tury/iz-aktay.html]
[www.gotur.kz/tury/iz-karaganda.html]
[www.gotur.kz/tury/iz-shymkent.html]
[www.gotur.kz/tury/iz-atiray.html]
[www.gotur.kz/tury/iz-semei.html]
[www.gotur.kz/tury/iz-taldikorgan.html]
[www.gotur.kz/tury/iz-temirtay.html]
[www.gotur.kz/tury/iz-uralsk.html]
[www.gotur.kz/tury/iz-ust-kamenogorsk.html]
[www.gotur.kz/tury/iz-pavlodar.html]
[www.gotur.kz/tury/turciya.html]
[www.gotur.kz/tury/egypet.html]
[www.gotur.kz/tury/oae.html]
[www.gotur.kz/tury/thailand.html]
[www.gotur.kz/privacy.html]
[www.gotur.kz/how-to-buy-tour.html]
[www.gotur.kz/banners.html]
[www.gotur.kz/for-hotel-admin.html]
[www.gotur.kz/legal-information/user-agreement.html]
[www.gotur.kz/img/social/telegram.svg]
[www.gotur.kz/fonts/Akrobat/Akrobat-Thin_0.svg]
[www.gotur.kz/fonts/Akrobat/Akrobat-ExtraLight_0.svg]
[www.gotur.kz/fonts/Akrobat/Akrobat-Light_0.svg]
[www.gotur.kz/fonts/Akrobat/Akrobat-Regular_0.svg]
[www.gotur.kz/fonts/Akrobat/Akrobat-SemiBold_0.svg]
[www.gotur.kz/fonts/Akrobat/Akrobat-Bold_0.svg]
[www.gotur.kz/fonts/Akrobat/Akrobat-ExtraBold_0.svg]
[www.gotur.kz/fonts/Akrobat/Akrobat-Black_0.svg]
[www.gotur.kz/img/icons/arrow-blue.svg]
[www.gotur.kz/img/icons/arrow-gray.svg]
[www.gotur.kz/img/icons/location-white.svg]
[www.gotur.kz/img/icons/location-white-circle.svg]
[www.gotur.kz/img/icons/phone-white.svg]
[www.gotur.kz/img/icons/phone-white-circle.svg]
[www.gotur.kz/img/icons/menu-white.svg]
[www.gotur.kz/img/icons/close-circle-gray.svg]
[www.gotur.kz/img/icons/plane-white.svg]
[www.gotur.kz/img/icons/facebook.svg]
[www.gotur.kz/img/icons/instagram.svg]
[www.gotur.kz/img/icons/youtube.svg]
[www.gotur.kz/img/icons/close-white.svg]
[www.gotur.kz/img/icons/smile-white.svg]
[www.gotur.kz/img/icons/flash-white.svg]
[www.gotur.kz/img/icons/plane-o-white.svg]
[www.gotur.kz/img/icons/location-black.svg]
[www.gotur.kz/img/icons/paperclip.svg]
[www.gotur.kz/img/icons/eye.svg]
[www.gotur.kz/img/icons/tags.svg]
[www.gotur.kz/img/icons/basket.svg]
[www.gotur.kz/img/icons/thumbs-up.svg]
[www.gotur.kz/img/icons/person.svg]
[www.gotur.kz/img/icons/kid.svg]
[www.gotur.kz/img/icons/information.svg]
[www.gotur.kz/img/icons/pointing-up-arrow.svg]
[www.gotur.kz/img/icons/minus-round.svg]
[www.gotur.kz/img/icons/plus-round.svg]
[www.gotur.kz/img/remove-round.svg]
[www.gotur.kz/img/callbacks/icons/calendar.svg]
[www.gotur.kz/img/callbacks/icons/percent.svg]
[www.gotur.kz/img/callbacks/icons/directions.svg]
[www.gotur.kz/dist/desktop/pages/hot-offers/css/hot-offers.min2cc7.css]
[www.gotur.kz/assets/e9fe3a75/css/popular-countries.min3ca5.css]
[www.gotur.kz/tury/rannee-bronirovanie/almaty.html]
[www.gotur.kz/tury/gornolyzhnye-tury/almaty.html]
[www.gotur.kz/tury/individualnye-i-vip-tury/almaty.html]
[www.gotur.kz/tury/kombinirovannye-tury/almaty.html]
[www.gotur.kz/tury/morskie-kruizy/almaty.html]
[www.gotur.kz/tury/lechebnye-tury/almaty.html]
[www.gotur.kz/tury/plyazhnyj-otdykh/almaty.html]
[www.gotur.kz/tury/svadebnye-tury/almaty.html]
[www.gotur.kz/tury/tury-na-prazdniki-meropriyatiya/almaty.html]
[www.gotur.kz/tury/shop-tury/almaty.html]
[www.gotur.kz/tury/ekskursionnye-tury/almaty.html]
[www.gotur.kz/tury/avtobusnye-tury/almaty.html]
[www.gotur.kz/tury/detskij-otdykh/almaty.html]
[www.gotur.kz/tury/newyear/almaty.html]
[www.gotur.kz/tury/spring-break-and-nauryz/almaty.html]
[www.gotur.kz/tury/may_holidays_tours/almaty.html]
[www.gotur.kz/tury/osennie-kanikuly/almaty.html]
[www.gotur.kz/tury/goryashchie-tury/bali/almaty.html]
[www.gotur.kz/tury/goryashchie-tury/vietnam/almaty.html]
[www.gotur.kz/tury/goryashchie-tury/gruziia/almaty.html]
[www.gotur.kz/tury/goryashchie-tury/egypet/almaty.html]
[www.gotur.kz/tury/goryashchie-tury/italy/almaty.html]
[www.gotur.kz/tury/goryashchie-tury/kitaj/almaty.html]
[www.gotur.kz/tury/goryashchie-tury/maldivskie-ostrova/almaty.html]
[www.gotur.kz/tury/goryashchie-tury/oae/almaty.html]
[www.gotur.kz/tury/goryashchie-tury/thailand/almaty.html]
[www.gotur.kz/tury/goryashchie-tury/turciya/almaty.html]
[www.gotur.kz/tury/goryashchie-tury/shri-lanka/almaty.html]
[www.gotur.kz/tury/goryashchie-tury/avstriia/almaty.html]
[www.gotur.kz/tury/goryashchie-tury/azerbaidzhan/almaty.html]
[www.gotur.kz/tury/goryashchie-tury/armeniia/almaty.html]
[www.gotur.kz/tury/goryashchie-tury/aruba/almaty.html]
[www.gotur.kz/tury/goryashchie-tury/barbados/almaty.html]
[www.gotur.kz/tury/goryashchie-tury/bulgaria/almaty.html]
[www.gotur.kz/tury/goryashchie-tury/vengriia/almaty.html]
[www.gotur.kz/tury/goryashchie-tury/gonkong/almaty.html]
[www.gotur.kz/tury/goryashchie-tury/gretsiia/almaty.html]
[www.gotur.kz/tury/goryashchie-tury/dominikanskaia-resp/almaty.html]
[www.gotur.kz/tury/goryashchie-tury/izrail/almaty.html]
[www.gotur.kz/tury/goryashchie-tury/india/almaty.html]
[www.gotur.kz/tury/goryashchie-tury/iordaniia/almaty.html]
[www.gotur.kz/tury/goryashchie-tury/ispaniia/almaty.html]
[www.gotur.kz/tury/goryashchie-tury/kambodzha/almaty.html]
[www.gotur.kz/tury/goryashchie-tury/qatar/almaty.html]
[www.gotur.kz/tury/goryashchie-tury/kipr/almaty.html]
[www.gotur.kz/tury/goryashchie-tury/koreia/almaty.html]
[www.gotur.kz/tury/goryashchie-tury/kosta-rika/almaty.html]
[www.gotur.kz/tury/goryashchie-tury/kuba/almaty.html]
[www.gotur.kz/tury/goryashchie-tury/mavrikii/almaty.html]
[www.gotur.kz/tury/goryashchie-tury/madagaskar/almaty.html]
[www.gotur.kz/tury/goryashchie-tury/malaysia/almaty.html]
[www.gotur.kz/tury/goryashchie-tury/malta/almaty.html]
[www.gotur.kz/tury/goryashchie-tury/morokko/almaty.html]
[www.gotur.kz/tury/goryashchie-tury/meksika/almaty.html]
[www.gotur.kz/tury/goryashchie-tury/monako/almaty.html]
[www.gotur.kz/tury/goryashchie-tury/novaia-zelandiia/almaty.html]
[www.gotur.kz/tury/goryashchie-tury/norvegiia/almaty.html]
[www.gotur.kz/tury/goryashchie-tury/oman/almaty.html]
[www.gotur.kz/tury/goryashchie-tury/portugaliia/almaty.html]
[www.gotur.kz/tury/goryashchie-tury/rossiia/almaty.html]
[www.gotur.kz/tury/goryashchie-tury/seishely/almaty.html]
[www.gotur.kz/tury/goryashchie-tury/singapore/almaty.html]
[www.gotur.kz/tury/goryashchie-tury/sloveniia/almaty.html]
[www.gotur.kz/tury/goryashchie-tury/tanzaniia/almaty.html]
[www.gotur.kz/tury/goryashchie-tury/tunis/almaty.html]
[www.gotur.kz/tury/goryashchie-tury/fidzhi/almaty.html]
[www.gotur.kz/tury/goryashchie-tury/filippiny/almaty.html]
[www.gotur.kz/tury/goryashchie-tury/finliandiia/almaty.html]
[www.gotur.kz/tury/goryashchie-tury/francija/almaty.html]
[www.gotur.kz/tury/goryashchie-tury/khorvatiia/almaty.html]
[www.gotur.kz/tury/goryashchie-tury/chernogoriia/almaty.html]
[www.gotur.kz/tury/goryashchie-tury/chekhiya/almaty.html]
[www.gotur.kz/tury/goryashchie-tury/shveitsariia/almaty.html]
[www.gotur.kz/tury/goryashchie-tury/iamaika/almaty.html]
[www.gotur.kz/tury/goryashchie-tury/iaponiia/almaty.html]
[www.gotur.kz/tury/goryashchie-tury/aktay.html]
[www.gotur.kz/tury/goryashchie-tury/aktobe.html]
[www.gotur.kz/tury/goryashchie-tury/astana.html]
[www.gotur.kz/tury/goryashchie-tury/atiray.html]
[www.gotur.kz/tury/goryashchie-tury/karaganda.html]
[www.gotur.kz/tury/goryashchie-tury/moscow.html]
[www.gotur.kz/tury/goryashchie-tury/pavlodar.html]
[www.gotur.kz/tury/goryashchie-tury/semei.html]
[www.gotur.kz/tury/goryashchie-tury/taldikorgan.html]
[www.gotur.kz/tury/goryashchie-tury/temirtay.html]
[www.gotur.kz/tury/goryashchie-tury/uralsk.html]
[www.gotur.kz/tury/goryashchie-tury/ust-kamenogorsk.html]
[www.gotur.kz/tury/goryashchie-tury/shymkent.html]
[www.gotur.kz/img/flag/round/ae.svg]
[www.gotur.kz/img/flag/round/eg.svg]
[www.gotur.kz/img/flag/round/tr.svg]
[www.gotur.kz/img/flag/round/mv.svg]
[www.gotur.kz/img/flag/round/th.svg]
[www.gotur.kz/img/flag/round/ge.svg]
[www.gotur.kz/img/flag/round/in.svg]
[www.gotur.kz/img/flag/round/cn.svg]
[www.gotur.kz/tury/shri-lanka/almaty.html]
[www.gotur.kz/img/flag/round/lk.svg]
[www.gotur.kz/img/flag/round/vn.svg]
[www.gotur.kz/tury/malaysia/almaty.html]
[www.gotur.kz/img/flag/round/my.svg]
[www.gotur.kz/tury/bali/almaty.html]
[www.gotur.kz/img/flag/round/id.svg]
[www.gotur.kz/tury/italy/almaty.html]
[www.gotur.kz/img/flag/round/it.svg]
[www.gotur.kz/tury/oae/astana.html]
[www.gotur.kz/tury/egypet/astana.html]
[www.gotur.kz/tury/turciya/astana.html]
[www.gotur.kz/tury/thailand/astana.html]
[www.gotur.kz/tury/gruziia/astana.html]
[www.gotur.kz/tury/chekhiya/astana.html]
[www.gotur.kz/img/flag/round/cz.svg]
[www.gotur.kz/tury/india/astana.html]
[www.gotur.kz/tury/kitaj/astana.html]
[www.gotur.kz/tury/vietnam/astana.html]
[www.gotur.kz/tury/oae/moscow.html]
[www.gotur.kz/tury/thailand/moscow.html]
[www.gotur.kz/tury/kuba/moscow.html]
[www.gotur.kz/img/flag/round/cu.svg]
[www.gotur.kz/tury/egypet/aktobe.html]
[www.gotur.kz/tury/thailand/aktobe.html]
[www.gotur.kz/tury/egypet/aktay.html]
[www.gotur.kz/tury/gruziia/aktay.html]
[www.gotur.kz/tury/oae/shymkent.html]
[www.gotur.kz/tury/egypet/shymkent.html]
[www.gotur.kz/tury/turciya/shymkent.html]
[www.gotur.kz/tury/thailand/shymkent.html]
[www.gotur.kz/tury/vietnam/shymkent.html]
[www.gotur.kz/tury/oae/atiray.html]
[www.gotur.kz/tury/egypet/atiray.html]
[www.gotur.kz/tury/turciya/atiray.html]
[www.gotur.kz/tury/gruziia/atiray.html]
[www.gotur.kz/tury/egypet/uralsk.html]
[www.gotur.kz/tury/goryashchie-tury/almaty4658.html]
[www.gotur.kz/tury/goryashchie-tury/almaty9ba9.html]
[www.gotur.kz/tury/goryashchie-tury/almatyfdb0.html]
[www.gotur.kz/tury/goryashchie-tury/almatyaf4d.html]
[www.gotur.kz/tury/goryashchie-tury/almatyc575.html]
[www.gotur.kz/tury/goryashchie-tury/almaty235c.html]
[www.gotur.kz/tury/goryashchie-tury/almatyfdfa.html]
[www.gotur.kz/tury/goryashchie-tury/almaty0b08.html]
[www.gotur.kz/tury/goryashchie-tury/almaty1448.html]
[www.gotur.kz/dist/desktop/pages/calendar/css/calendar.min2cc7.css]
[www.gotur.kz/tury/jan/iz-almaty.html]
[www.gotur.kz/tury/feb/iz-almaty.html]
[www.gotur.kz/tury/mar/iz-almaty.html]
[www.gotur.kz/tury/apr/iz-almaty.html]
[www.gotur.kz/tury/may/iz-almaty.html]
[www.gotur.kz/tury/june/iz-almaty.html]
[www.gotur.kz/tury/july/iz-almaty.html]
[www.gotur.kz/tury/aug/iz-almaty.html]
[www.gotur.kz/tury/sept/iz-almaty.html]
[www.gotur.kz/tury/oct/iz-almaty.html]
[www.gotur.kz/tury/nov/iz-almaty.html]
[www.gotur.kz/tury/dec/iz-almaty.html]
[www.gotur.kz/tury/kambodzha/almaty.html]
[www.gotur.kz/tury/qatar/almaty.html]
[www.gotur.kz/tury/avstriia/almaty.html]
[www.gotur.kz/tury/azerbaidzhan/almaty.html]
[www.gotur.kz/tury/armeniia/almaty.html]
[www.gotur.kz/tury/aruba/almaty.html]
[www.gotur.kz/tury/barbados/almaty.html]
[www.gotur.kz/tury/bulgaria/almaty.html]
[www.gotur.kz/tury/vengriia/almaty.html]
[www.gotur.kz/tury/gonkong/almaty.html]
[www.gotur.kz/tury/gretsiia/almaty.html]
[www.gotur.kz/tury/izrail/almaty.html]
[www.gotur.kz/tury/iordaniia/almaty.html]
[www.gotur.kz/tury/ispaniia/almaty.html]
[www.gotur.kz/tury/kipr/almaty.html]
[www.gotur.kz/tury/koreia/almaty.html]
[www.gotur.kz/tury/kosta-rika/almaty.html]
[www.gotur.kz/tury/kuba/almaty.html]
[www.gotur.kz/tury/mavrikii/almaty.html]
[www.gotur.kz/tury/madagaskar/almaty.html]
[www.gotur.kz/tury/malta/almaty.html]
[www.gotur.kz/tury/morokko/almaty.html]
[www.gotur.kz/tury/meksika/almaty.html]
[www.gotur.kz/tury/monako/almaty.html]
[www.gotur.kz/tury/novaia-zelandiia/almaty.html]
[www.gotur.kz/tury/norvegiia/almaty.html]
[www.gotur.kz/tury/oman/almaty.html]
[www.gotur.kz/tury/portugaliia/almaty.html]
[www.gotur.kz/tury/rossiia/almaty.html]
[www.gotur.kz/tury/seishely/almaty.html]
[www.gotur.kz/tury/singapore/almaty.html]
[www.gotur.kz/tury/sloveniia/almaty.html]
[www.gotur.kz/tury/tanzaniia/almaty.html]
[www.gotur.kz/tury/tunis/almaty.html]
[www.gotur.kz/tury/fidzhi/almaty.html]
[www.gotur.kz/tury/filippiny/almaty.html]
[www.gotur.kz/tury/finliandiia/almaty.html]
[www.gotur.kz/tury/francija/almaty.html]
[www.gotur.kz/tury/khorvatiia/almaty.html]
[www.gotur.kz/tury/chernogoriia/almaty.html]
[www.gotur.kz/tury/chekhiya/almaty.html]
[www.gotur.kz/tury/shveitsariia/almaty.html]
[www.gotur.kz/tury/iamaika/almaty.html]
[www.gotur.kz/tury/iaponiia/almaty.html]
[www.gotur.kz/tury/jan.html]
[www.gotur.kz/tury/feb.html]
[www.gotur.kz/tury/mar.html]
[www.gotur.kz/tury/apr.html]
[www.gotur.kz/tury/may.html]
[www.gotur.kz/tury/june.html]
[www.gotur.kz/tury/july.html]
[www.gotur.kz/tury/aug.html]
[www.gotur.kz/tury/sept.html]
[www.gotur.kz/tury/oct.html]
[www.gotur.kz/tury/nov.html]
[www.gotur.kz/tury/dec.html]
[www.gotur.kz/tury/bali.html]
[www.gotur.kz/tury/vietnam.html]
[www.gotur.kz/tury/gruziia.html]
[www.gotur.kz/tury/india.html]
[www.gotur.kz/tury/italy.html]
[www.gotur.kz/tury/kambodzha.html]
[www.gotur.kz/tury/qatar.html]
[www.gotur.kz/tury/kitaj.html]
[www.gotur.kz/tury/kuba.html]
[www.gotur.kz/tury/malaysia.html]
[www.gotur.kz/tury/maldivskie-ostrova.html]
[www.gotur.kz/tury/chekhiya.html]
[www.gotur.kz/tury/shri-lanka.html]
[www.gotur.kz/tury/avstriia.html]
[www.gotur.kz/tury/azerbaidzhan.html]
[www.gotur.kz/tury/armeniia.html]
[www.gotur.kz/tury/aruba.html]
[www.gotur.kz/tury/barbados.html]
[www.gotur.kz/tury/bulgaria.html]
[www.gotur.kz/tury/vengriia.html]
[www.gotur.kz/tury/gonkong.html]
[www.gotur.kz/tury/gretsiia.html]
[www.gotur.kz/tury/dominikanskaia-resp.html]
[www.gotur.kz/tury/izrail.html]
[www.gotur.kz/tury/iordaniia.html]
[www.gotur.kz/tury/ispaniia.html]
[www.gotur.kz/tury/kipr.html]
[www.gotur.kz/tury/koreia.html]
[www.gotur.kz/tury/kosta-rika.html]
[www.gotur.kz/tury/mavrikii.html]
[www.gotur.kz/tury/madagaskar.html]
[www.gotur.kz/tury/malta.html]
[www.gotur.kz/tury/morokko.html]
[www.gotur.kz/tury/meksika.html]
[www.gotur.kz/tury/monako.html]
[www.gotur.kz/tury/novaia-zelandiia.html]
[www.gotur.kz/tury/norvegiia.html]
[www.gotur.kz/tury/oman.html]
[www.gotur.kz/tury/portugaliia.html]
[www.gotur.kz/tury/rossiia.html]
[www.gotur.kz/tury/seishely.html]
[www.gotur.kz/tury/singapore.html]
[www.gotur.kz/tury/sloveniia.html]
[www.gotur.kz/tury/tanzaniia.html]
[www.gotur.kz/tury/tunis.html]
[www.gotur.kz/tury/fidzhi.html]
[www.gotur.kz/tury/filippiny.html]
[www.gotur.kz/tury/finliandiia.html]
[www.gotur.kz/tury/francija.html]
[www.gotur.kz/tury/khorvatiia.html]
[www.gotur.kz/tury/chernogoriia.html]
[www.gotur.kz/tury/shveitsariia.html]
[www.gotur.kz/tury/iamaika.html]
[www.gotur.kz/tury/iaponiia.html]
[www.gotur.kz/dist/desktop/pages/countries/css/countries.min2cc7.css]
[www.gotur.kz/assets/69fe9865/styles257f.css]
[www.gotur.kz/dist/desktop/pages/country-tours/css/country-tours.min2cc7.css]
[www.gotur.kz/assets/2d76a567/themes/smoothness/jquery-ui257f.css]
[www.gotur.kz/dist/desktop/widgets/tours-calendar/css/tours-calendar.min2cc7.css]
[www.gotur.kz/dist/desktop/widgets/country-panel/css/country-panel.min2cc7.css]
[www.gotur.kz/strany/turciya.html]
[www.gotur.kz/tury/goryashchie-tury/turciya.html]
[www.gotur.kz/strany/turciya/regiony.html]
[www.gotur.kz/tury/vizy-registratsiya/turciya.html]
[www.gotur.kz/blogs/country/turciya.html]
[www.gotur.kz/tury/turciya/aktobe.html]
[www.gotur.kz/tury/turciya/aktay.html]
[www.gotur.kz/tury/turciya/karaganda.html]
[www.gotur.kz/tury/turciya/semei.html]
[www.gotur.kz/tury/turciya/taldikorgan.html]
[www.gotur.kz/tury/turciya/temirtay.html]
[www.gotur.kz/tury/turciya/uralsk.html]
[www.gotur.kz/tury/turciya/ust-kamenogorsk.html]
[www.gotur.kz/hotel/cleopatra-golden-beach15d2.html]
[www.gotur.kz/hotel/green-life-hotel39a6.html]
[www.gotur.kz/hotel/belkon-hotel3ed1.html]
[www.gotur.kz/hotel/prenses-sealine-beach-hotel89fb.html]
[www.gotur.kz/hotel/prenses-sealine-beach-hotel2e9a.html]
[www.gotur.kz/hotel/berke-ranch-hotel1494.html]
[www.gotur.kz/hotel/forest-in-hotel0bc5.html]
[www.gotur.kz/hotel/viking-star-hotel96fc.html]
[www.gotur.kz/hotel/citrus-park-hotel281c.html]
[www.gotur.kz/hotel/kemalhan-beach-hotel5e6d.html]
[www.gotur.kz/hotel/adalya-elite-lara998b.html]
[www.gotur.kz/hotel/kemer-botanik-resort2034.html]
[www.gotur.kz/hotel/laren-family-hotel-spa9bf7.html]
[www.gotur.kz/hotel/laren-business-hotel-spaf647.html]
[www.gotur.kz/hotel/viking-star-hotel9090.html]
[www.gotur.kz/hotel/arsi-enfi-city-beach-hotelb5c1.html]
[www.gotur.kz/hotel/hampton-by-hilton-antalya-airportc7b2.html]
[www.gotur.kz/hotel/the-sense-deluxe-hoteld282.html]
[www.gotur.kz/hotel/xanadu-resortae2c.html]
[www.gotur.kz/hotel/club-hotel-falconfc2e.html]
[www.gotur.kz/hotel/porto-bello-hotel-resort-and-spa31db.html]
[www.gotur.kz/hotel/susesi-luxury-resort3e7f.html]
[www.gotur.kz/hotel/kleopatra-gungor-hotela38c.html]
[www.gotur.kz/hotel/voyage-belek-free-golf-package07bf.html]
[www.gotur.kz/hotel/anjeliq-housea07a.html]
[www.gotur.kz/hotel/papillon-ayschaee95.html]
[www.gotur.kz/hotel/papillon-ayscha8356.html]
[www.gotur.kz/hotel/maxx-royal-belek-golf-and-spab0e2.html]
[www.gotur.kz/hotel/bayou-villas-by-lara-barut-collection269e.html]
[www.gotur.kz/hotel/sunis-kumkoy-beach-resort-and-spa046f.html]
[www.gotur.kz/strany/thailand.html]
[www.gotur.kz/tury/goryashchie-tury/thailand.html]
[www.gotur.kz/strany/thailand/regiony.html]
[www.gotur.kz/tury/vizy-registratsiya/thailand.html]
[www.gotur.kz/blogs/country/thailand.html]
[www.gotur.kz/tury/thailand/aktay.html]
[www.gotur.kz/tury/thailand/karaganda.html]
[www.gotur.kz/tury/thailand/atiray.html]
[www.gotur.kz/tury/thailand/semei.html]
[www.gotur.kz/tury/thailand/taldikorgan.html]
[www.gotur.kz/tury/thailand/temirtay.html]
[www.gotur.kz/tury/thailand/uralsk.html]
[www.gotur.kz/tury/thailand/ust-kamenogorsk.html]
[www.gotur.kz/hotel/forty-winks-phukete2ca.html]
[www.gotur.kz/hotel/lamai-guesthouse7fb4.html]
[www.gotur.kz/hotel/hemingways-hotel8651.html]
[www.gotur.kz/hotel/away-bangkok-riverside-kene02d7.html]
[www.gotur.kz/hotel/waters-khao-lak-by-katathanibcf3.html]
[www.gotur.kz/hotel/surintra-boutique-resorte423.html]
[www.gotur.kz/hotel/meir-jarr-hotel1870.html]
[www.gotur.kz/hotel/arita-hotel7b65.html]
[www.gotur.kz/hotel/bluesotel-smart-krabi-aonang-beach-adults-onlyfb28.html]
[www.gotur.kz/hotel/seeka-boutique-resort5709.html]
[www.gotur.kz/hotel/sand-beach-hotel-pattaya1b80.html]
[www.gotur.kz/hotel/zenseana-resort-spa6d42.html]
[www.gotur.kz/hotel/cha-da-thai-village-resort22e6.html]
[www.gotur.kz/hotel/away-bangkok-riverside-kened253.html]
[www.gotur.kz/hotel/centara-anda-dhevi-resort-and-spa-krabi401c.html]
[www.gotur.kz/hotel/phuket-orchid-resortb021.html]
[www.gotur.kz/tour/hotel-view-by-alias0a41.html]
[www.gotur.kz/hotel/the-standard-hua-hin1139.html]
[www.gotur.kz/hotel/grand-mercure-khao-lak2663.html]
[www.gotur.kz/hotel/v-villas-phuketcfdb.html]
[www.gotur.kz/hotel/centara-ao-nang-beach-resort-spa-krabif8c9.html]
[www.gotur.kz/hotel/the-marin-phuket-kamala-beach54bf.html]
[www.gotur.kz/hotel/sunsuri-phuket52f1.html]
[www.gotur.kz/hotel/patong-resort-hotel9227.html]
[www.gotur.kz/strany/oae.html]
[www.gotur.kz/tury/goryashchie-tury/oae.html]
[www.gotur.kz/strany/oae/regiony.html]
[www.gotur.kz/tury/vizy-registratsiya/oae.html]
[www.gotur.kz/blogs/country/oae.html]
[www.gotur.kz/tury/oae/aktobe.html]
[www.gotur.kz/tury/oae/aktay.html]
[www.gotur.kz/tury/oae/karaganda.html]
[www.gotur.kz/tury/oae/semei.html]
[www.gotur.kz/tury/oae/taldikorgan.html]
[www.gotur.kz/tury/oae/temirtay.html]
[www.gotur.kz/tury/oae/uralsk.html]
[www.gotur.kz/tury/oae/ust-kamenogorsk.html]
[www.gotur.kz/hotel/san-marco-hotel-dubay8112.html]
[www.gotur.kz/hotel/al-farej-hotel43b8.html]
[www.gotur.kz/hotel/golden-sands-hotel-apartmentsc9ac.html]
[www.gotur.kz/hotel/golden-tulip-media-hotel5282.html]
[www.gotur.kz/hotel/sun-and-sands-downtown-hotelc61d.html]
[www.gotur.kz/hotel/golden-tulip-sharjah-hotel-apartmentsfb54.html]
[www.gotur.kz/tour/view6e1f.html]
[www.gotur.kz/tour/viewf710.html]
[www.gotur.kz/hotel/lapita-dubai-parks-and-resorts-autograph-collection4724.html]
[www.gotur.kz/hotel/hampton-by-hilton-dubai-al-seefaccb.html]
[www.gotur.kz/hotel/grand-excelsior-al-barsha-dubai3098.html]
[www.gotur.kz/hotel/movenpick-ibn-battuta-gate-hotel40fc.html]
[www.gotur.kz/hotel/park-rotana132a.html]
[www.gotur.kz/hotel/landmark-plaza2a3c.html]
[www.gotur.kz/tour/viewe08a.html]
[www.gotur.kz/hotel/stella-di-mare-dubai-marina-hotel6e4d.html]
[www.gotur.kz/hotel/me-dubai-by-mediae9e9.html]
[www.gotur.kz/hotel/movenpick-hotel-jumeirah-lakes-towers65c0.html]
[www.gotur.kz/hotel/al-raha-beach41e7.html]
[www.gotur.kz/hotel/bonnington-jumeirah-lakes-towers80d8.html]
[www.gotur.kz/hotel/qasr-al-sarab-desert-resort-by-anantara267d.html]
[www.gotur.kz/hotel/intercontinental-fujairah-resort7224.html]
[www.gotur.kz/hotel/one-and-only-royal-mirage0196.html]
[www.gotur.kz/hotel/centara-mirage-beach-resort-dubaice04.html]
[www.gotur.kz/hotel/al-wadi-desert-ras-al-khaimah82e4.html]
[www.gotur.kz/strany/oae/regiony/dubai.html]
[www.gotur.kz/strany/oae/regiony/abu-dabi.html]
[www.gotur.kz/strany/oae/regiony/sharjah.html]
[www.gotur.kz/strany/oae/regiony/fujairah.html]
[www.gotur.kz/strany/oae/regiony/ras-al-khaimah.html]
[www.gotur.kz/strany/oae/regiony/ajman.html]
[www.gotur.kz/strany/india.html]
[www.gotur.kz/tury/goryashchie-tury/india.html]
[www.gotur.kz/strany/india/regiony.html]
[www.gotur.kz/tury/vizy-registratsiya/india.html]
[www.gotur.kz/blogs/country/india.html]
[www.gotur.kz/tury/india/aktobe.html]
[www.gotur.kz/tury/india/aktay.html]
[www.gotur.kz/tury/india/karaganda.html]
[www.gotur.kz/tury/india/shymkent.html]
[www.gotur.kz/tury/india/atiray.html]
[www.gotur.kz/tury/india/semei.html]
[www.gotur.kz/tury/india/taldikorgan.html]
[www.gotur.kz/tury/india/temirtay.html]
[www.gotur.kz/tury/india/uralsk.html]
[www.gotur.kz/tury/india/ust-kamenogorsk.html]
[www.gotur.kz/hotel/shivam-bnb4a22.html]
[www.gotur.kz/hotel/resort-village-royalec885.html]
[www.gotur.kz/tour/hotel-view-by-aliasbc6b.html]
[www.gotur.kz/tour/hotel-view-by-alias4661.html]
[www.gotur.kz/tour/hotel-view-by-alias6ee9.html]
[www.gotur.kz/tour/hotel-view-by-alias19f0.html]
[www.gotur.kz/hotel/melodious-waves4bfb.html]
[www.gotur.kz/tour/hotel-view-by-aliasdd0a.html]
[www.gotur.kz/hotel/morjim-plaza-guesthouse087d.html]
[www.gotur.kz/hotel/the-acacia-morjim-oceanfront1657.html]
[www.gotur.kz/tour/hotel-view-by-aliasa82b.html]
[www.gotur.kz/tour/hotel-view-by-aliasf243.html]
[www.gotur.kz/tour/hotel-view-by-alias1dcd.html]
[www.gotur.kz/hotel/club-mahindra-emerald-palms-resort-goab932.html]
[www.gotur.kz/hotel/sonesta-innc088.html]
[www.gotur.kz/strany/egypet.html]
[www.gotur.kz/tury/goryashchie-tury/egypet.html]
[www.gotur.kz/strany/egypet/regiony.html]
[www.gotur.kz/tury/vizy-registratsiya/egypet.html]
[www.gotur.kz/blogs/country/egypet.html]
[www.gotur.kz/tury/egypet/karaganda.html]
[www.gotur.kz/tury/egypet/semei.html]
[www.gotur.kz/tury/egypet/taldikorgan.html]
[www.gotur.kz/tury/egypet/temirtay.html]
[www.gotur.kz/tury/egypet/ust-kamenogorsk.html]
[www.gotur.kz/hotel/tiran-island-hotel5792.html]
[www.gotur.kz/hotel/albatros-aqua-blu11be.html]
[www.gotur.kz/hotel/sunrise-arabian-beach-resort1c5b.html]
[www.gotur.kz/hotel/verginia-sharm0063.html]
[www.gotur.kz/hotel/posh-club-by-sunrise-white-hills-resortf4e8.html]
[www.gotur.kz/hotel/maritim-jolie-ville-resort-and-casino80f1.html]
[www.gotur.kz/hotel/domina-coral-bay-oasis-hotel38ac.html]
[www.gotur.kz/hotel/ecotel-dahab-resortf2e1.html]
[www.gotur.kz/hotel/pickalbatros-laguna-club-resort-sharm-el-sheikh7e24.html]
[www.gotur.kz/hotel/shores-aloha2d5d.html]
[www.gotur.kz/hotel/uni-sharm-aqua-parkd99e.html]
[www.gotur.kz/hotel/el-khan-sharm-hotel588e.html]
[www.gotur.kz/hotel/radisson-blu-resortd14d.html]
[www.gotur.kz/hotel/iberotel-palace13e0.html]
[www.gotur.kz/tour/hotel-view-by-aliasbdba.html]
[www.gotur.kz/hotel/renaissance-golden-view-beach18a1.html]
[www.gotur.kz/hotel/naama-bay-hotel-sharm-el-sheikh-ex-tropitel-naama-bay-hotel5f80.html]
[www.gotur.kz/hotel/rixos-sharm-el-sheikh-resort5e0e.html]
[www.gotur.kz/hotel/nubian-village097a.html]
[www.gotur.kz/hotel/jaz-dahabeyac0c7.html]
[www.gotur.kz/hotel/jaz-dahabeyaaa69.html]
[www.gotur.kz/hotel/panorama-naama-heightse91f.html]
[www.gotur.kz/hotel/reef-oasis-sentido-senses-resort1525.html]
[www.gotur.kz/hotel/uni-sharm-aqua-park8206.html]
[www.gotur.kz/hotel/royal-savoy7936.html]
[www.gotur.kz/hotel/rixos-sharm-el-sheikh-resort1bd5.html]
[www.gotur.kz/hotel/meraki-resort-adults-onlyb9a2.html]
[www.gotur.kz/strany/vietnam.html]
[www.gotur.kz/tury/goryashchie-tury/vietnam.html]
[www.gotur.kz/strany/vietnam/regiony.html]
[www.gotur.kz/tury/vizy-registratsiya/vietnam.html]
[www.gotur.kz/blogs/country/vietnam.html]
[www.gotur.kz/tury/vietnam/aktobe.html]
[www.gotur.kz/tury/vietnam/aktay.html]
[www.gotur.kz/tury/vietnam/karaganda.html]
[www.gotur.kz/tury/vietnam/atiray.html]
[www.gotur.kz/tury/vietnam/semei.html]
[www.gotur.kz/tury/vietnam/taldikorgan.html]
[www.gotur.kz/tury/vietnam/temirtay.html]
[www.gotur.kz/tury/vietnam/uralsk.html]
[www.gotur.kz/tury/vietnam/ust-kamenogorsk.html]
[www.gotur.kz/hotel/asia-paradise-hotel33ab.html]
[www.gotur.kz/hotel/the-sailing-bay-resort-and-spa8978.html]
[www.gotur.kz/hotel/little-paris041d.html]
[www.gotur.kz/hotel/dung-thanh-hotelf31a.html]
[www.gotur.kz/hotel/eastin-grand-hotel-nha-trange260.html]
[www.gotur.kz/hotel/radisson-blu-resort-cam-ranha0c3.html]
[www.gotur.kz/hotel/villa-aria-muine3698.html]
[www.gotur.kz/hotel/potique-hotela56d.html]
[www.gotur.kz/hotel/amon-hotel-phu-quoc782c.html]
[www.gotur.kz/hotel/times-corner-sorrento-boutique-hotel05a7.html]
[www.gotur.kz/tour/hotel-view-by-alias0dfb.html]
[www.gotur.kz/hotel/orange-resort-phuquoc3ee3.html]
[www.gotur.kz/hotel/riviera-deluxe-cam-ranh-aqua-park-resort5e3d.html]
[www.gotur.kz/hotel/avs-hotel-phu-quocd1d7.html]
[www.gotur.kz/hotel/sea-staref60.html]
[www.gotur.kz/hotel/sea-lion-beach-resort-spa-ham-tien48eb.html]
[www.gotur.kz/hotel/tran-vien-dong-hotela47f.html]
[www.gotur.kz/hotel/grand-ocean-bay-phu-quoc-resort11df.html]
[www.gotur.kz/hotel/champa-resortb954.html]
[www.gotur.kz/hotel/dafovinahotel1a4e.html]
[www.gotur.kz/hotel/the-shells-resort-and-spa3756.html]
[www.gotur.kz/hotel/an-lam-retreats-ninh-van-bay0ef1.html]
[www.gotur.kz/hotel/best-western-premier-sonasea-phu-quoc-resort67e4.html]
[www.gotur.kz/hotel/crowne-plaza-phu-quoc-starbay-an-ihg-hotel5dc4.html]
[www.gotur.kz/hotel/vinholidays-fiesta-phu-quoc-ex-vinholidays4e3d.html]
[www.gotur.kz/hotel/radisson-blu-resort-phu-quocb83b.html]
[www.gotur.kz/strany/dominikanskaia-resp.html]
[www.gotur.kz/tury/goryashchie-tury/dominikanskaia-resp.html]
[www.gotur.kz/tury/vizy-registratsiya/dominikanskaia-resp.html]
[www.gotur.kz/blogs/country/dominikanskaia-resp.html]
[www.gotur.kz/tury/dominikanskaia-resp/astana.html]
[www.gotur.kz/tury/dominikanskaia-resp/moscow.html]
[www.gotur.kz/tury/dominikanskaia-resp/aktobe.html]
[www.gotur.kz/tury/dominikanskaia-resp/aktay.html]
[www.gotur.kz/tury/dominikanskaia-resp/karaganda.html]
[www.gotur.kz/tury/dominikanskaia-resp/shymkent.html]
[www.gotur.kz/tury/dominikanskaia-resp/atiray.html]
[www.gotur.kz/tury/dominikanskaia-resp/semei.html]
[www.gotur.kz/tury/dominikanskaia-resp/taldikorgan.html]
[www.gotur.kz/tury/dominikanskaia-resp/temirtay.html]
[www.gotur.kz/tury/dominikanskaia-resp/uralsk.html]
[www.gotur.kz/tury/dominikanskaia-resp/ust-kamenogorsk.html]
[www.gotur.kz/strany/kitaj.html]
[www.gotur.kz/tury/goryashchie-tury/kitaj.html]
[www.gotur.kz/strany/kitaj/regiony.html]
[www.gotur.kz/tury/vizy-registratsiya/kitaj.html]
[www.gotur.kz/blogs/country/kitaj.html]
[www.gotur.kz/tury/kitaj/aktobe.html]
[www.gotur.kz/tury/kitaj/aktay.html]
[www.gotur.kz/tury/kitaj/karaganda.html]
[www.gotur.kz/tury/kitaj/shymkent.html]
[www.gotur.kz/tury/kitaj/atiray.html]
[www.gotur.kz/tury/kitaj/semei.html]
[www.gotur.kz/tury/kitaj/taldikorgan.html]
[www.gotur.kz/tury/kitaj/temirtay.html]
[www.gotur.kz/tury/kitaj/uralsk.html]
[www.gotur.kz/tury/kitaj/ust-kamenogorsk.html]
[www.gotur.kz/hotel/hainan-greentown-blue-bay-resortdbad.html]
[www.gotur.kz/hotel/baohong-hotel1862.html]
[www.gotur.kz/tour/hotel-view-by-alias4313.html]
[www.gotur.kz/hotel/sanya-junda-seaview-hotela014.html]
[www.gotur.kz/hotel/huayu-resort-and-spa-yalongbay-sanyae26d.html]
[www.gotur.kz/hotel/baohong-hotelf8c2.html]
[www.gotur.kz/hotel/yalong-bay-villas-and-spa3295.html]
[www.gotur.kz/hotel/marriott-resort-xiangsuhi-bay3295.html]
[www.gotur.kz/hotel/sanya-junda-seaview-hotel3394.html]
[www.gotur.kz/hotel/crowne-plaza-sanya-city-center637d.html]
[www.gotur.kz/hotel/ssaw-boutique-hotelc182.html]
[www.gotur.kz/hotel/sanya-yuanye-ying-xing-hotel1283.html]
[www.gotur.kz/hotel/hainan-greentown-blue-bay-resortadbb.html]
[www.gotur.kz/hotel/ocean-sonic-resort32af.html]
[www.gotur.kz/hotel/howard-johnson-resort-sanya-bay69f4.html]
[www.gotur.kz/hotel/sanya-conifer-resort9e85.html]
[www.gotur.kz/hotel/huayu-resort-and-spa-yalongbay-sanyae323.html]
[www.gotur.kz/hotel/crowne-plaza-resort-sanya-bay98e5.html]
[www.gotur.kz/hotel/yalong-bay-earthly-paradise796a.html]
[www.gotur.kz/hotel/huayu-resort-and-spa-yalongbay-sanya8760.html]
[www.gotur.kz/hotel/mangrove-tree-resort02b4.html]
[www.gotur.kz/hotel/aegean-conifer2048.html]
[www.gotur.kz/hotel/hotel-haitang-bay-sanya9fd2.html]
[www.gotur.kz/tour/hotel-view-by-aliaseb0e.html]
[www.gotur.kz/hotel/harman-hotel-sanya48ec.html]
[www.gotur.kz/hotel/ascott-dadonghai-bay-sanya626c.html]
[www.gotur.kz/hotel/grand-metropark-resort-sanyaed75.html]
[www.gotur.kz/hotel/intercontinental-sanya-resorta202.html]
[www.gotur.kz/hotel/capella-tufu-bay-hainanfe54.html]
[www.gotur.kz/strany/kitaj/regiony/sanya.html]
[www.gotur.kz/tury/rannee-bronirovanie/egypet.html]
[www.gotur.kz/tury/rannee-bronirovanie/turciya.html]
[www.gotur.kz/tury/rannee-bronirovanie/shri-lanka.html]
[www.gotur.kz/tury/rannee-bronirovanie/avstriia.html]
[www.gotur.kz/tury/rannee-bronirovanie/azerbaidzhan.html]
[www.gotur.kz/tury/rannee-bronirovanie/armeniia.html]
[www.gotur.kz/tury/rannee-bronirovanie/aruba.html]
[www.gotur.kz/tury/rannee-bronirovanie/bali.html]
[www.gotur.kz/tury/rannee-bronirovanie/barbados.html]
[www.gotur.kz/tury/rannee-bronirovanie/bulgaria.html]
[www.gotur.kz/tury/rannee-bronirovanie/vengriia.html]
[www.gotur.kz/tury/rannee-bronirovanie/vietnam.html]
[www.gotur.kz/tury/rannee-bronirovanie/gonkong.html]
[www.gotur.kz/tury/rannee-bronirovanie/gretsiia.html]
[www.gotur.kz/tury/rannee-bronirovanie/gruziia.html]
[www.gotur.kz/tury/rannee-bronirovanie/dominikanskaia-resp.html]
[www.gotur.kz/tury/rannee-bronirovanie/izrail.html]
[www.gotur.kz/tury/rannee-bronirovanie/india.html]
[www.gotur.kz/tury/rannee-bronirovanie/iordaniia.html]
[www.gotur.kz/tury/rannee-bronirovanie/ispaniia.html]
[www.gotur.kz/tury/rannee-bronirovanie/italy.html]
[www.gotur.kz/tury/rannee-bronirovanie/kambodzha.html]
[www.gotur.kz/tury/rannee-bronirovanie/qatar.html]
[www.gotur.kz/tury/rannee-bronirovanie/kipr.html]
[www.gotur.kz/tury/rannee-bronirovanie/kitaj.html]
[www.gotur.kz/tury/rannee-bronirovanie/koreia.html]
[www.gotur.kz/tury/rannee-bronirovanie/kosta-rika.html]
[www.gotur.kz/tury/rannee-bronirovanie/kuba.html]
[www.gotur.kz/tury/rannee-bronirovanie/mavrikii.html]
[www.gotur.kz/tury/rannee-bronirovanie/madagaskar.html]
[www.gotur.kz/tury/rannee-bronirovanie/malaysia.html]
[www.gotur.kz/tury/rannee-bronirovanie/maldivskie-ostrova.html]
[www.gotur.kz/tury/rannee-bronirovanie/malta.html]
[www.gotur.kz/tury/rannee-bronirovanie/morokko.html]
[www.gotur.kz/tury/rannee-bronirovanie/meksika.html]
[www.gotur.kz/tury/rannee-bronirovanie/monako.html]
[www.gotur.kz/tury/rannee-bronirovanie/novaia-zelandiia.html]
[www.gotur.kz/tury/rannee-bronirovanie/norvegiia.html]
[www.gotur.kz/tury/rannee-bronirovanie/oae.html]
[www.gotur.kz/tury/rannee-bronirovanie/oman.html]
[www.gotur.kz/tury/rannee-bronirovanie/portugaliia.html]
[www.gotur.kz/tury/rannee-bronirovanie/rossiia.html]
[www.gotur.kz/tury/rannee-bronirovanie/seishely.html]
[www.gotur.kz/tury/rannee-bronirovanie/singapore.html]
[www.gotur.kz/tury/rannee-bronirovanie/sloveniia.html]
[www.gotur.kz/tury/rannee-bronirovanie/thailand.html]
[www.gotur.kz/tury/rannee-bronirovanie/tanzaniia.html]
[www.gotur.kz/tury/rannee-bronirovanie/tunis.html]
[www.gotur.kz/tury/rannee-bronirovanie/fidzhi.html]
[www.gotur.kz/tury/rannee-bronirovanie/filippiny.html]
[www.gotur.kz/tury/rannee-bronirovanie/finliandiia.html]
[www.gotur.kz/tury/rannee-bronirovanie/francija.html]
[www.gotur.kz/tury/rannee-bronirovanie/khorvatiia.html]
[www.gotur.kz/tury/rannee-bronirovanie/chernogoriia.html]
[www.gotur.kz/tury/rannee-bronirovanie/chekhiya.html]
[www.gotur.kz/tury/rannee-bronirovanie/shveitsariia.html]
[www.gotur.kz/tury/rannee-bronirovanie/iamaika.html]
[www.gotur.kz/tury/rannee-bronirovanie/iaponiia.html]
[www.gotur.kz/tury/rannee-bronirovanie/aktay.html]
[www.gotur.kz/tury/rannee-bronirovanie/aktobe.html]
[www.gotur.kz/tury/rannee-bronirovanie/astana.html]
[www.gotur.kz/tury/rannee-bronirovanie/atiray.html]
[www.gotur.kz/tury/rannee-bronirovanie/karaganda.html]
[www.gotur.kz/tury/rannee-bronirovanie/moscow.html]
[www.gotur.kz/tury/rannee-bronirovanie/pavlodar.html]
[www.gotur.kz/tury/rannee-bronirovanie/semei.html]
[www.gotur.kz/tury/rannee-bronirovanie/taldikorgan.html]
[www.gotur.kz/tury/rannee-bronirovanie/temirtay.html]
[www.gotur.kz/tury/rannee-bronirovanie/uralsk.html]
[www.gotur.kz/tury/rannee-bronirovanie/ust-kamenogorsk.html]
[www.gotur.kz/tury/rannee-bronirovanie/shymkent.html]
[www.gotur.kz/offer/novyy-god-v-lyubimom-tailande-planiruyte-svoy-otpusk-zaranee.html]
[www.gotur.kz/offer/on-vernulsya-ostrov-haynan-iz-almaty-pryamye-reysy.html]
[www.gotur.kz/offer/new-katar-iz-almaty-pryamye-reysy.html]
[www.gotur.kz/offer/swandor-hotels-resorts-cam-ranh-5-odin-iz-luchshih-oteley-vetnama.html]
[www.gotur.kz/offer/ranee-bronirovanie-oae-osen-2022-my-podobrali-dlya-vas-luchshie-oteli.html]
[www.gotur.kz/tury/rannee-bronirovanie4658.html]
[www.gotur.kz/tury/rannee-bronirovanie9ba9.html]
[www.gotur.kz/uploads/site-images/2647d273834debf12ad3376c24669684.jpg]
[www.gotur.kz/uploads/site-images/721d983f33108b6c0fb4f7346e735366.png]
[www.gotur.kz/tury/gornolyzhnye-tury/gruziia.html]
[www.gotur.kz/tury/gornolyzhnye-tury/avstriia.html]
[www.gotur.kz/tury/gornolyzhnye-tury/azerbaidzhan.html]
[www.gotur.kz/tury/gornolyzhnye-tury/armeniia.html]
[www.gotur.kz/tury/gornolyzhnye-tury/aruba.html]
[www.gotur.kz/tury/gornolyzhnye-tury/bali.html]
[www.gotur.kz/tury/gornolyzhnye-tury/barbados.html]
[www.gotur.kz/tury/gornolyzhnye-tury/bulgaria.html]
[www.gotur.kz/tury/gornolyzhnye-tury/vengriia.html]
[www.gotur.kz/tury/gornolyzhnye-tury/vietnam.html]
[www.gotur.kz/tury/gornolyzhnye-tury/gonkong.html]
[www.gotur.kz/tury/gornolyzhnye-tury/gretsiia.html]
[www.gotur.kz/tury/gornolyzhnye-tury/dominikanskaia-resp.html]
[www.gotur.kz/tury/gornolyzhnye-tury/egypet.html]
[www.gotur.kz/tury/gornolyzhnye-tury/izrail.html]
[www.gotur.kz/tury/gornolyzhnye-tury/india.html]
[www.gotur.kz/tury/gornolyzhnye-tury/iordaniia.html]
[www.gotur.kz/tury/gornolyzhnye-tury/ispaniia.html]
[www.gotur.kz/tury/gornolyzhnye-tury/italy.html]
[www.gotur.kz/tury/gornolyzhnye-tury/kambodzha.html]
[www.gotur.kz/tury/gornolyzhnye-tury/qatar.html]
[www.gotur.kz/tury/gornolyzhnye-tury/kipr.html]
[www.gotur.kz/tury/gornolyzhnye-tury/kitaj.html]
[www.gotur.kz/tury/gornolyzhnye-tury/koreia.html]
[www.gotur.kz/tury/gornolyzhnye-tury/kosta-rika.html]
[www.gotur.kz/tury/gornolyzhnye-tury/kuba.html]
[www.gotur.kz/tury/gornolyzhnye-tury/mavrikii.html]
[www.gotur.kz/tury/gornolyzhnye-tury/madagaskar.html]
[www.gotur.kz/tury/gornolyzhnye-tury/malaysia.html]
[www.gotur.kz/tury/gornolyzhnye-tury/maldivskie-ostrova.html]
[www.gotur.kz/tury/gornolyzhnye-tury/malta.html]
[www.gotur.kz/tury/gornolyzhnye-tury/morokko.html]
[www.gotur.kz/tury/gornolyzhnye-tury/meksika.html]
[www.gotur.kz/tury/gornolyzhnye-tury/monako.html]
[www.gotur.kz/tury/gornolyzhnye-tury/novaia-zelandiia.html]
[www.gotur.kz/tury/gornolyzhnye-tury/norvegiia.html]
[www.gotur.kz/tury/gornolyzhnye-tury/oae.html]
[www.gotur.kz/tury/gornolyzhnye-tury/oman.html]
[www.gotur.kz/tury/gornolyzhnye-tury/portugaliia.html]
[www.gotur.kz/tury/gornolyzhnye-tury/rossiia.html]
[www.gotur.kz/tury/gornolyzhnye-tury/seishely.html]
[www.gotur.kz/tury/gornolyzhnye-tury/singapore.html]
[www.gotur.kz/tury/gornolyzhnye-tury/sloveniia.html]
[www.gotur.kz/tury/gornolyzhnye-tury/thailand.html]
[www.gotur.kz/tury/gornolyzhnye-tury/tanzaniia.html]
[www.gotur.kz/tury/gornolyzhnye-tury/tunis.html]
[www.gotur.kz/tury/gornolyzhnye-tury/turciya.html]
[www.gotur.kz/tury/gornolyzhnye-tury/fidzhi.html]
[www.gotur.kz/tury/gornolyzhnye-tury/filippiny.html]
[www.gotur.kz/tury/gornolyzhnye-tury/finliandiia.html]
[www.gotur.kz/tury/gornolyzhnye-tury/francija.html]
[www.gotur.kz/tury/gornolyzhnye-tury/khorvatiia.html]
[www.gotur.kz/tury/gornolyzhnye-tury/chernogoriia.html]
[www.gotur.kz/tury/gornolyzhnye-tury/chekhiya.html]
[www.gotur.kz/tury/gornolyzhnye-tury/shveitsariia.html]
[www.gotur.kz/tury/gornolyzhnye-tury/shri-lanka.html]
[www.gotur.kz/tury/gornolyzhnye-tury/iamaika.html]
[www.gotur.kz/tury/gornolyzhnye-tury/iaponiia.html]
[www.gotur.kz/tury/gornolyzhnye-tury/aktay.html]
[www.gotur.kz/tury/gornolyzhnye-tury/aktobe.html]
[www.gotur.kz/tury/gornolyzhnye-tury/astana.html]
[www.gotur.kz/tury/gornolyzhnye-tury/atiray.html]
[www.gotur.kz/tury/gornolyzhnye-tury/karaganda.html]
[www.gotur.kz/tury/gornolyzhnye-tury/moscow.html]
[www.gotur.kz/tury/gornolyzhnye-tury/pavlodar.html]
[www.gotur.kz/tury/gornolyzhnye-tury/semei.html]
[www.gotur.kz/tury/gornolyzhnye-tury/taldikorgan.html]
[www.gotur.kz/tury/gornolyzhnye-tury/temirtay.html]
[www.gotur.kz/tury/gornolyzhnye-tury/uralsk.html]
[www.gotur.kz/tury/gornolyzhnye-tury/ust-kamenogorsk.html]
[www.gotur.kz/tury/gornolyzhnye-tury/shymkent.html]
[www.gotur.kz/offer/letim-v-laplandiyu-na-noviy-god-a-k-air-astana.html]
[www.gotur.kz/fls/post/1568702806c802d839.jpg]
[www.gotur.kz/offer/gostepriimnaya-gruziya-gdet-vas.html]
[www.gotur.kz/fls/post/1658144254cb089bcc.jpg]
[www.gotur.kz/uploads/site-images/72d66be6c6ed4478ee872f11fd3a7345.jpg]
[www.gotur.kz/uploads/site-images/b448fc13cef141dc3dcbbc9b058fc4d3.png]
[www.gotur.kz/uploads/site-images/c75b01a871317d696caa5c6311300594.jpg]
[www.gotur.kz/tury/goryashchie-tury/bali.html]
[www.gotur.kz/tury/goryashchie-tury/gruziia.html]
[www.gotur.kz/tury/goryashchie-tury/italy.html]
[www.gotur.kz/tury/goryashchie-tury/maldivskie-ostrova.html]
[www.gotur.kz/tury/goryashchie-tury/shri-lanka.html]
[www.gotur.kz/tury/goryashchie-tury/avstriia.html]
[www.gotur.kz/tury/goryashchie-tury/azerbaidzhan.html]
[www.gotur.kz/tury/goryashchie-tury/armeniia.html]
[www.gotur.kz/tury/goryashchie-tury/aruba.html]
[www.gotur.kz/tury/goryashchie-tury/barbados.html]
[www.gotur.kz/tury/goryashchie-tury/bulgaria.html]
[www.gotur.kz/tury/goryashchie-tury/vengriia.html]
[www.gotur.kz/tury/goryashchie-tury/gonkong.html]
[www.gotur.kz/tury/goryashchie-tury/gretsiia.html]
[www.gotur.kz/tury/goryashchie-tury/izrail.html]
[www.gotur.kz/tury/goryashchie-tury/iordaniia.html]
[www.gotur.kz/tury/goryashchie-tury/ispaniia.html]
[www.gotur.kz/tury/goryashchie-tury/kambodzha.html]
[www.gotur.kz/tury/goryashchie-tury/qatar.html]
[www.gotur.kz/tury/goryashchie-tury/kipr.html]
[www.gotur.kz/tury/goryashchie-tury/koreia.html]
[www.gotur.kz/tury/goryashchie-tury/kosta-rika.html]
[www.gotur.kz/tury/goryashchie-tury/kuba.html]
[www.gotur.kz/tury/goryashchie-tury/mavrikii.html]
[www.gotur.kz/tury/goryashchie-tury/madagaskar.html]
[www.gotur.kz/tury/goryashchie-tury/malaysia.html]
[www.gotur.kz/tury/goryashchie-tury/malta.html]
[www.gotur.kz/tury/goryashchie-tury/morokko.html]
[www.gotur.kz/tury/goryashchie-tury/meksika.html]
[www.gotur.kz/tury/goryashchie-tury/monako.html]
[www.gotur.kz/tury/goryashchie-tury/novaia-zelandiia.html]
[www.gotur.kz/tury/goryashchie-tury/norvegiia.html]
[www.gotur.kz/tury/goryashchie-tury/oman.html]
[www.gotur.kz/tury/goryashchie-tury/portugaliia.html]
[www.gotur.kz/tury/goryashchie-tury/rossiia.html]
[www.gotur.kz/tury/goryashchie-tury/seishely.html]
[www.gotur.kz/tury/goryashchie-tury/singapore.html]
[www.gotur.kz/tury/goryashchie-tury/sloveniia.html]
[www.gotur.kz/tury/goryashchie-tury/tanzaniia.html]
[www.gotur.kz/tury/goryashchie-tury/tunis.html]
[www.gotur.kz/tury/goryashchie-tury/fidzhi.html]
[www.gotur.kz/tury/goryashchie-tury/filippiny.html]
[www.gotur.kz/tury/goryashchie-tury/finliandiia.html]
[www.gotur.kz/tury/goryashchie-tury/francija.html]
[www.gotur.kz/tury/goryashchie-tury/khorvatiia.html]
[www.gotur.kz/tury/goryashchie-tury/chernogoriia.html]
[www.gotur.kz/tury/goryashchie-tury/chekhiya.html]
[www.gotur.kz/tury/goryashchie-tury/shveitsariia.html]
[www.gotur.kz/tury/goryashchie-tury/iamaika.html]
[www.gotur.kz/tury/goryashchie-tury/iaponiia.html]
[www.gotur.kz/tury/goryashchie-tury4658.html]
[www.gotur.kz/tury/goryashchie-tury9ba9.html]
[www.gotur.kz/tury/goryashchie-turyfdb0.html]
[www.gotur.kz/tury/goryashchie-turyaf4d.html]
[www.gotur.kz/tury/goryashchie-turyc575.html]
[www.gotur.kz/tury/goryashchie-tury235c.html]
[www.gotur.kz/tury/goryashchie-turyfdfa.html]
[www.gotur.kz/tury/goryashchie-tury0b08.html]
[www.gotur.kz/tury/goryashchie-tury1448.html]
[www.gotur.kz/uploads/site-images/6bc0b93888e8220485038e034becb752.jpg]
[www.gotur.kz/uploads/site-images/30d8fa69076b766167349202272a391f.jpg]
[www.gotur.kz/uploads/site-images/914a69c9368dc4e83c94b509c6855dff.jpg]
[www.gotur.kz/uploads/site-images/c1c5fa47de5fe7f0ad74e80d20152bf5.jpg]
[www.gotur.kz/uploads/site-images/8aaedd23145773613fc7bb176f7285f6.jpg]
[www.gotur.kz/tury/individualnye-i-vip-tury/maldivskie-ostrova.html]
[www.gotur.kz/tury/individualnye-i-vip-tury/shri-lanka.html]
[www.gotur.kz/tury/individualnye-i-vip-tury/avstriia.html]
[www.gotur.kz/tury/individualnye-i-vip-tury/azerbaidzhan.html]
[www.gotur.kz/tury/individualnye-i-vip-tury/armeniia.html]
[www.gotur.kz/tury/individualnye-i-vip-tury/aruba.html]
[www.gotur.kz/tury/individualnye-i-vip-tury/bali.html]
[www.gotur.kz/tury/individualnye-i-vip-tury/barbados.html]
[www.gotur.kz/tury/individualnye-i-vip-tury/bulgaria.html]
[www.gotur.kz/tury/individualnye-i-vip-tury/vengriia.html]
[www.gotur.kz/tury/individualnye-i-vip-tury/vietnam.html]
